// Jest Snapshot v1, https://goo.gl/fbAQLP

exports[`<FrontHomuncScreen /> renders correctly 1`] = `
<RCTSafeAreaView
  emulateUnlessSupported={true}
  style={
    Object {
      "flex": 1,
    }
  }
>
  <RCTScrollView
    persistentScrollbar={true}
  >
    <View>
      <Text
        style={
          Object {
            "fontSize": 30,
            "fontWeight": "bold",
            "marginHorizontal": 10,
            "marginTop": 10,
          }
        }
      >
        Far Shot Guidance
      </Text>
      <Text
        style={
          Object {
            "fontSize": 17,
            "marginHorizontal": 10,
            "marginTop": 10,
          }
        }
      >
        Now is the time to photograph the part of your body you just selected.
      </Text>
      <Text
        style={
          Object {
            "fontSize": 17,
            "marginHorizontal": 10,
            "marginTop": 10,
          }
        }
      >
        There will be an outline available of the body part to help you align the camera. This will be accessible by pressing the ghost shaped button (
        <Text />
        ), to the right of the picture button on the next page. 
      </Text>
      <Text
        style={
          Object {
            "fontSize": 17,
            "marginHorizontal": 10,
            "marginTop": 10,
          }
        }
      >
        Once you have taken a photo you will be able to drag a red circle with your finger to circle the mole. You can use the slider on the right to increase and decrease the size of the circle. Adjust the size of the circle until the location of the mole is clear. If you need more help at that stage, click the question mark in the top right.
      </Text>
      <Text
        style={
          Object {
            "fontSize": 17,
            "marginHorizontal": 10,
            "marginTop": 10,
          }
        }
      >
        Press continue below to see some tips for taking your photograph.
      </Text>
      <View
        accessible={true}
        focusable={true}
        onClick={[Function]}
        onResponderGrant={[Function]}
        onResponderMove={[Function]}
        onResponderRelease={[Function]}
        onResponderTerminate={[Function]}
        onResponderTerminationRequest={[Function]}
        onStartShouldSetResponder={[Function]}
        style={
          Object {
            "alignItems": "center",
            "backgroundColor": "#71A1D1",
            "borderRadius": 10,
            "bottom": 10,
            "marginHorizontal": 10,
            "marginTop": 25,
            "opacity": 1,
          }
        }
      >
        <Text
          style={
            Object {
              "color": "white",
              "fontSize": 30,
              "fontWeight": "bold",
              "marginVertical": 10,
            }
          }
        >
          Continue
        </Text>
      </View>
    </View>
  </RCTScrollView>
</RCTSafeAreaView>
`;
