// Jest Snapshot v1, https://goo.gl/fbAQLP

exports[`<SwipingHomuncScreen /> renders correctly 1`] = `
<View
  onLayout={[Function]}
  style={
    Array [
      Object {
        "backgroundColor": "transparent",
        "flex": 1,
        "position": "relative",
      },
      undefined,
    ]
  }
>
  <RCTScrollView
    automaticallyAdjustContentInsets={false}
    autoplay={false}
    autoplayDirection={true}
    autoplayTimeout={2.5}
    bounces={false}
    contentContainerStyle={
      Array [
        Object {
          "backgroundColor": "transparent",
        },
        Object {
          "backgroundColor": "white",
        },
      ]
    }
    contentOffset={
      Object {
        "x": 0,
      }
    }
    disableNextButton={false}
    disablePrevButton={false}
    horizontal={true}
    index={0}
    loadMinimal={false}
    loadMinimalSize={1}
    loop={true}
    onIndexChanged={[Function]}
    onMomentumScrollEnd={[Function]}
    onScrollBeginDrag={[Function]}
    onScrollEndDrag={[Function]}
    pagingEnabled={true}
    removeClippedSubviews={true}
    scrollsToTop={false}
    showsButtons={true}
    showsHorizontalScrollIndicator={false}
    showsPagination={true}
    showsVerticalScrollIndicator={false}
  >
    <View>
      <View
        style={
          Array [
            Object {
              "height": 1334,
              "width": 750,
            },
            Object {
              "backgroundColor": "transparent",
            },
          ]
        }
      >
        <View>
          <RCTScrollView
            persistentScrollbar={true}
            style={
              Object {
                "backgroundColor": "white",
              }
            }
          >
            <View>
              <Text
                style={
                  Object {
                    "fontSize": 17,
                    "marginHorizontal": 10,
                    "marginTop": 10,
                  }
                }
              >
                Please scroll down to click on the body part where your mole is located.
              </Text>
              <Text
                style={
                  Object {
                    "fontSize": 17,
                    "marginHorizontal": 10,
                    "marginTop": 10,
                  }
                }
              >
                Swipe left or right to navigate to the different sides of the body.
              </Text>
              <Text />
              <View
                style={
                  Object {
                    "flexDirection": "row",
                    "justifyContent": "center",
                  }
                }
              >
                <View
                  accessible={true}
                  focusable={true}
                  onClick={[Function]}
                  onResponderGrant={[Function]}
                  onResponderMove={[Function]}
                  onResponderRelease={[Function]}
                  onResponderTerminate={[Function]}
                  onResponderTerminationRequest={[Function]}
                  onStartShouldSetResponder={[Function]}
                  style={
                    Object {
                      "opacity": 1,
                    }
                  }
                >
                  <Image
                    source={1}
                    style={
                      Object {
                        "height": 100,
                        "resizeMode": "contain",
                        "width": 115,
                      }
                    }
                  />
                </View>
              </View>
              <View
                style={
                  Object {
                    "flexDirection": "row",
                    "justifyContent": "center",
                  }
                }
              >
                <View
                  accessible={true}
                  focusable={true}
                  onClick={[Function]}
                  onResponderGrant={[Function]}
                  onResponderMove={[Function]}
                  onResponderRelease={[Function]}
                  onResponderTerminate={[Function]}
                  onResponderTerminationRequest={[Function]}
                  onStartShouldSetResponder={[Function]}
                  style={
                    Object {
                      "opacity": 1,
                    }
                  }
                >
                  <Image
                    source={1}
                    style={
                      Object {
                        "height": 100,
                        "resizeMode": "contain",
                        "width": 90,
                      }
                    }
                  />
                </View>
                <View
                  accessible={true}
                  focusable={true}
                  onClick={[Function]}
                  onResponderGrant={[Function]}
                  onResponderMove={[Function]}
                  onResponderRelease={[Function]}
                  onResponderTerminate={[Function]}
                  onResponderTerminationRequest={[Function]}
                  onStartShouldSetResponder={[Function]}
                  style={
                    Object {
                      "opacity": 1,
                    }
                  }
                >
                  <Image
                    source={1}
                    style={
                      Object {
                        "height": 100,
                        "resizeMode": "contain",
                        "width": 94,
                      }
                    }
                  />
                </View>
                <View
                  accessible={true}
                  focusable={true}
                  onClick={[Function]}
                  onResponderGrant={[Function]}
                  onResponderMove={[Function]}
                  onResponderRelease={[Function]}
                  onResponderTerminate={[Function]}
                  onResponderTerminationRequest={[Function]}
                  onStartShouldSetResponder={[Function]}
                  style={
                    Object {
                      "opacity": 1,
                    }
                  }
                >
                  <Image
                    source={1}
                    style={
                      Object {
                        "height": 100,
                        "resizeMode": "contain",
                        "width": 90,
                      }
                    }
                  />
                </View>
              </View>
              <View
                style={
                  Object {
                    "flexDirection": "row",
                    "justifyContent": "center",
                  }
                }
              >
                <View
                  accessible={true}
                  focusable={true}
                  onClick={[Function]}
                  onResponderGrant={[Function]}
                  onResponderMove={[Function]}
                  onResponderRelease={[Function]}
                  onResponderTerminate={[Function]}
                  onResponderTerminationRequest={[Function]}
                  onStartShouldSetResponder={[Function]}
                  style={
                    Object {
                      "opacity": 1,
                    }
                  }
                >
                  <Image
                    source={1}
                    style={
                      Object {
                        "height": 48,
                        "resizeMode": "contain",
                        "width": 82,
                      }
                    }
                  />
                </View>
                <View
                  accessible={true}
                  focusable={true}
                  onClick={[Function]}
                  onResponderGrant={[Function]}
                  onResponderMove={[Function]}
                  onResponderRelease={[Function]}
                  onResponderTerminate={[Function]}
                  onResponderTerminationRequest={[Function]}
                  onStartShouldSetResponder={[Function]}
                  style={
                    Object {
                      "opacity": 1,
                    }
                  }
                >
                  <Image
                    source={1}
                    style={
                      Object {
                        "height": 49,
                        "resizeMode": "contain",
                        "width": 103,
                      }
                    }
                  />
                </View>
                <View
                  accessible={true}
                  focusable={true}
                  onClick={[Function]}
                  onResponderGrant={[Function]}
                  onResponderMove={[Function]}
                  onResponderRelease={[Function]}
                  onResponderTerminate={[Function]}
                  onResponderTerminationRequest={[Function]}
                  onStartShouldSetResponder={[Function]}
                  style={
                    Object {
                      "opacity": 1,
                    }
                  }
                >
                  <Image
                    source={1}
                    style={
                      Object {
                        "height": 48,
                        "resizeMode": "contain",
                        "width": 82,
                      }
                    }
                  />
                </View>
              </View>
              <View
                style={
                  Object {
                    "flexDirection": "row",
                    "justifyContent": "center",
                  }
                }
              >
                <View
                  accessible={true}
                  focusable={true}
                  onClick={[Function]}
                  onResponderGrant={[Function]}
                  onResponderMove={[Function]}
                  onResponderRelease={[Function]}
                  onResponderTerminate={[Function]}
                  onResponderTerminationRequest={[Function]}
                  onStartShouldSetResponder={[Function]}
                  style={
                    Object {
                      "opacity": 1,
                    }
                  }
                >
                  <Image
                    source={1}
                    style={
                      Object {
                        "height": 59,
                        "resizeMode": "contain",
                        "width": 80,
                      }
                    }
                  />
                </View>
                <View
                  accessible={true}
                  focusable={true}
                  onClick={[Function]}
                  onResponderGrant={[Function]}
                  onResponderMove={[Function]}
                  onResponderRelease={[Function]}
                  onResponderTerminate={[Function]}
                  onResponderTerminationRequest={[Function]}
                  onStartShouldSetResponder={[Function]}
                  style={
                    Object {
                      "opacity": 1,
                    }
                  }
                >
                  <Image
                    source={1}
                    style={
                      Object {
                        "height": 130,
                        "resizeMode": "contain",
                        "width": 55,
                      }
                    }
                  />
                </View>
                <View
                  accessible={true}
                  focusable={true}
                  onClick={[Function]}
                  onResponderGrant={[Function]}
                  onResponderMove={[Function]}
                  onResponderRelease={[Function]}
                  onResponderTerminate={[Function]}
                  onResponderTerminationRequest={[Function]}
                  onStartShouldSetResponder={[Function]}
                  style={
                    Object {
                      "opacity": 1,
                    }
                  }
                >
                  <Image
                    source={1}
                    style={
                      Object {
                        "height": 130,
                        "resizeMode": "contain",
                        "width": 55,
                      }
                    }
                  />
                </View>
                <View
                  accessible={true}
                  focusable={true}
                  onClick={[Function]}
                  onResponderGrant={[Function]}
                  onResponderMove={[Function]}
                  onResponderRelease={[Function]}
                  onResponderTerminate={[Function]}
                  onResponderTerminationRequest={[Function]}
                  onStartShouldSetResponder={[Function]}
                  style={
                    Object {
                      "opacity": 1,
                    }
                  }
                >
                  <Image
                    source={1}
                    style={
                      Object {
                        "height": 59,
                        "resizeMode": "contain",
                        "width": 80,
                      }
                    }
                  />
                </View>
              </View>
              <View
                style={
                  Object {
                    "flexDirection": "row",
                    "justifyContent": "center",
                  }
                }
              >
                <View
                  accessible={true}
                  focusable={true}
                  onClick={[Function]}
                  onResponderGrant={[Function]}
                  onResponderMove={[Function]}
                  onResponderRelease={[Function]}
                  onResponderTerminate={[Function]}
                  onResponderTerminationRequest={[Function]}
                  onStartShouldSetResponder={[Function]}
                  style={
                    Object {
                      "opacity": 1,
                    }
                  }
                >
                  <Image
                    source={1}
                    style={
                      Object {
                        "height": 70,
                        "resizeMode": "contain",
                        "width": 130,
                      }
                    }
                  />
                </View>
                <View
                  accessible={true}
                  focusable={true}
                  onClick={[Function]}
                  onResponderGrant={[Function]}
                  onResponderMove={[Function]}
                  onResponderRelease={[Function]}
                  onResponderTerminate={[Function]}
                  onResponderTerminationRequest={[Function]}
                  onStartShouldSetResponder={[Function]}
                  style={
                    Object {
                      "opacity": 1,
                    }
                  }
                >
                  <Image
                    source={1}
                    style={
                      Object {
                        "height": 70,
                        "resizeMode": "contain",
                        "width": 130,
                      }
                    }
                  />
                </View>
              </View>
              <View
                style={
                  Object {
                    "flexDirection": "row",
                    "justifyContent": "center",
                  }
                }
              >
                <View
                  accessible={true}
                  focusable={true}
                  onClick={[Function]}
                  onResponderGrant={[Function]}
                  onResponderMove={[Function]}
                  onResponderRelease={[Function]}
                  onResponderTerminate={[Function]}
                  onResponderTerminationRequest={[Function]}
                  onStartShouldSetResponder={[Function]}
                  style={
                    Object {
                      "opacity": 1,
                    }
                  }
                >
                  <Image
                    source={1}
                    style={
                      Object {
                        "height": 67,
                        "resizeMode": "contain",
                        "width": 140,
                      }
                    }
                  />
                </View>
                <View
                  accessible={true}
                  focusable={true}
                  onClick={[Function]}
                  onResponderGrant={[Function]}
                  onResponderMove={[Function]}
                  onResponderRelease={[Function]}
                  onResponderTerminate={[Function]}
                  onResponderTerminationRequest={[Function]}
                  onStartShouldSetResponder={[Function]}
                  style={
                    Object {
                      "opacity": 1,
                    }
                  }
                >
                  <Image
                    source={1}
                    style={
                      Object {
                        "height": 67,
                        "resizeMode": "contain",
                        "width": 140,
                      }
                    }
                  />
                </View>
              </View>
            </View>
          </RCTScrollView>
        </View>
      </View>
      <View
        style={
          Array [
            Object {
              "height": 1334,
              "width": 750,
            },
            Object {
              "backgroundColor": "transparent",
            },
          ]
        }
      >
        <View>
          <RCTScrollView
            persistentScrollbar={true}
            style={
              Object {
                "backgroundColor": "white",
              }
            }
          >
            <View>
              <Text
                style={
                  Object {
                    "fontSize": 17,
                    "marginHorizontal": 10,
                    "marginTop": 10,
                  }
                }
              >
                Please scroll down to click on the body part where your mole is located.
              </Text>
              <Text
                style={
                  Object {
                    "fontSize": 17,
                    "marginHorizontal": 10,
                    "marginTop": 10,
                  }
                }
              >
                Swipe left or right to navigate to the different sides of the body.
              </Text>
              <Text />
              <View
                style={
                  Object {
                    "flexDirection": "row",
                    "justifyContent": "center",
                  }
                }
              >
                <View
                  accessible={true}
                  focusable={true}
                  onClick={[Function]}
                  onResponderGrant={[Function]}
                  onResponderMove={[Function]}
                  onResponderRelease={[Function]}
                  onResponderTerminate={[Function]}
                  onResponderTerminationRequest={[Function]}
                  onStartShouldSetResponder={[Function]}
                  style={
                    Object {
                      "opacity": 1,
                    }
                  }
                >
                  <Image
                    source={1}
                    style={
                      Object {
                        "height": 95,
                        "resizeMode": "contain",
                        "width": 115,
                      }
                    }
                  />
                </View>
              </View>
              <View
                style={
                  Object {
                    "flexDirection": "row",
                    "justifyContent": "center",
                  }
                }
              >
                <View
                  accessible={true}
                  focusable={true}
                  onClick={[Function]}
                  onResponderGrant={[Function]}
                  onResponderMove={[Function]}
                  onResponderRelease={[Function]}
                  onResponderTerminate={[Function]}
                  onResponderTerminationRequest={[Function]}
                  onStartShouldSetResponder={[Function]}
                  style={
                    Object {
                      "opacity": 1,
                    }
                  }
                >
                  <Image
                    source={1}
                    style={
                      Object {
                        "height": 100,
                        "resizeMode": "contain",
                        "width": 75,
                      }
                    }
                  />
                </View>
                <View
                  accessible={true}
                  focusable={true}
                  onClick={[Function]}
                  onResponderGrant={[Function]}
                  onResponderMove={[Function]}
                  onResponderRelease={[Function]}
                  onResponderTerminate={[Function]}
                  onResponderTerminationRequest={[Function]}
                  onStartShouldSetResponder={[Function]}
                  style={
                    Object {
                      "opacity": 1,
                    }
                  }
                >
                  <Image
                    source={1}
                    style={
                      Object {
                        "height": 100,
                        "resizeMode": "contain",
                        "width": 110,
                      }
                    }
                  />
                </View>
                <View
                  accessible={true}
                  focusable={true}
                  onClick={[Function]}
                  onResponderGrant={[Function]}
                  onResponderMove={[Function]}
                  onResponderRelease={[Function]}
                  onResponderTerminate={[Function]}
                  onResponderTerminationRequest={[Function]}
                  onStartShouldSetResponder={[Function]}
                  style={
                    Object {
                      "opacity": 1,
                    }
                  }
                >
                  <Image
                    source={1}
                    style={
                      Object {
                        "height": 100,
                        "resizeMode": "contain",
                        "width": 75,
                      }
                    }
                  />
                </View>
              </View>
              <View
                style={
                  Object {
                    "flexDirection": "row",
                    "justifyContent": "center",
                  }
                }
              >
                <View
                  accessible={true}
                  focusable={true}
                  onClick={[Function]}
                  onResponderGrant={[Function]}
                  onResponderMove={[Function]}
                  onResponderRelease={[Function]}
                  onResponderTerminate={[Function]}
                  onResponderTerminationRequest={[Function]}
                  onStartShouldSetResponder={[Function]}
                  style={
                    Object {
                      "opacity": 1,
                    }
                  }
                >
                  <Image
                    source={1}
                    style={
                      Object {
                        "height": 58,
                        "resizeMode": "contain",
                        "width": 76,
                      }
                    }
                  />
                </View>
                <View
                  accessible={true}
                  focusable={true}
                  onClick={[Function]}
                  onResponderGrant={[Function]}
                  onResponderMove={[Function]}
                  onResponderRelease={[Function]}
                  onResponderTerminate={[Function]}
                  onResponderTerminationRequest={[Function]}
                  onStartShouldSetResponder={[Function]}
                  style={
                    Object {
                      "opacity": 1,
                    }
                  }
                >
                  <Image
                    source={1}
                    style={
                      Object {
                        "height": 57,
                        "resizeMode": "contain",
                        "width": 109,
                      }
                    }
                  />
                </View>
                <View
                  accessible={true}
                  focusable={true}
                  onClick={[Function]}
                  onResponderGrant={[Function]}
                  onResponderMove={[Function]}
                  onResponderRelease={[Function]}
                  onResponderTerminate={[Function]}
                  onResponderTerminationRequest={[Function]}
                  onStartShouldSetResponder={[Function]}
                  style={
                    Object {
                      "opacity": 1,
                    }
                  }
                >
                  <Image
                    source={1}
                    style={
                      Object {
                        "height": 58,
                        "resizeMode": "contain",
                        "width": 76,
                      }
                    }
                  />
                </View>
              </View>
              <View
                style={
                  Object {
                    "flexDirection": "row",
                    "justifyContent": "center",
                  }
                }
              >
                <View
                  accessible={true}
                  focusable={true}
                  onClick={[Function]}
                  onResponderGrant={[Function]}
                  onResponderMove={[Function]}
                  onResponderRelease={[Function]}
                  onResponderTerminate={[Function]}
                  onResponderTerminationRequest={[Function]}
                  onStartShouldSetResponder={[Function]}
                  style={
                    Object {
                      "opacity": 1,
                    }
                  }
                >
                  <Image
                    source={1}
                    style={
                      Object {
                        "height": 55,
                        "resizeMode": "contain",
                        "width": 69,
                      }
                    }
                  />
                </View>
                <View
                  accessible={true}
                  focusable={true}
                  onClick={[Function]}
                  onResponderGrant={[Function]}
                  onResponderMove={[Function]}
                  onResponderRelease={[Function]}
                  onResponderTerminate={[Function]}
                  onResponderTerminationRequest={[Function]}
                  onStartShouldSetResponder={[Function]}
                  style={
                    Object {
                      "opacity": 1,
                    }
                  }
                >
                  <Image
                    source={1}
                    style={
                      Object {
                        "height": 57,
                        "resizeMode": "contain",
                        "width": 109,
                      }
                    }
                  />
                </View>
                <View
                  accessible={true}
                  focusable={true}
                  onClick={[Function]}
                  onResponderGrant={[Function]}
                  onResponderMove={[Function]}
                  onResponderRelease={[Function]}
                  onResponderTerminate={[Function]}
                  onResponderTerminationRequest={[Function]}
                  onStartShouldSetResponder={[Function]}
                  style={
                    Object {
                      "opacity": 1,
                    }
                  }
                >
                  <Image
                    source={1}
                    style={
                      Object {
                        "height": 55,
                        "resizeMode": "contain",
                        "width": 69,
                      }
                    }
                  />
                </View>
              </View>
              <View
                style={
                  Object {
                    "flexDirection": "row",
                    "justifyContent": "center",
                  }
                }
              >
                <View
                  accessible={true}
                  focusable={true}
                  onClick={[Function]}
                  onResponderGrant={[Function]}
                  onResponderMove={[Function]}
                  onResponderRelease={[Function]}
                  onResponderTerminate={[Function]}
                  onResponderTerminationRequest={[Function]}
                  onStartShouldSetResponder={[Function]}
                  style={
                    Object {
                      "opacity": 1,
                    }
                  }
                >
                  <Image
                    source={1}
                    style={
                      Object {
                        "height": 87,
                        "resizeMode": "contain",
                        "width": 137,
                      }
                    }
                  />
                </View>
                <View
                  accessible={true}
                  focusable={true}
                  onClick={[Function]}
                  onResponderGrant={[Function]}
                  onResponderMove={[Function]}
                  onResponderRelease={[Function]}
                  onResponderTerminate={[Function]}
                  onResponderTerminationRequest={[Function]}
                  onStartShouldSetResponder={[Function]}
                  style={
                    Object {
                      "opacity": 1,
                    }
                  }
                >
                  <Image
                    source={1}
                    style={
                      Object {
                        "height": 87,
                        "resizeMode": "contain",
                        "width": 137,
                      }
                    }
                  />
                </View>
              </View>
              <View
                style={
                  Object {
                    "flexDirection": "row",
                    "justifyContent": "center",
                  }
                }
              >
                <View
                  accessible={true}
                  focusable={true}
                  onClick={[Function]}
                  onResponderGrant={[Function]}
                  onResponderMove={[Function]}
                  onResponderRelease={[Function]}
                  onResponderTerminate={[Function]}
                  onResponderTerminationRequest={[Function]}
                  onStartShouldSetResponder={[Function]}
                  style={
                    Object {
                      "opacity": 1,
                    }
                  }
                >
                  <Image
                    source={1}
                    style={
                      Object {
                        "height": 90,
                        "resizeMode": "contain",
                        "width": 133,
                      }
                    }
                  />
                </View>
                <View
                  accessible={true}
                  focusable={true}
                  onClick={[Function]}
                  onResponderGrant={[Function]}
                  onResponderMove={[Function]}
                  onResponderRelease={[Function]}
                  onResponderTerminate={[Function]}
                  onResponderTerminationRequest={[Function]}
                  onStartShouldSetResponder={[Function]}
                  style={
                    Object {
                      "opacity": 1,
                    }
                  }
                >
                  <Image
                    source={1}
                    style={
                      Object {
                        "height": 90,
                        "resizeMode": "contain",
                        "width": 133,
                      }
                    }
                  />
                </View>
              </View>
              <View
                style={
                  Object {
                    "flexDirection": "row",
                    "justifyContent": "center",
                  }
                }
              >
                <View
                  accessible={true}
                  focusable={true}
                  onClick={[Function]}
                  onResponderGrant={[Function]}
                  onResponderMove={[Function]}
                  onResponderRelease={[Function]}
                  onResponderTerminate={[Function]}
                  onResponderTerminationRequest={[Function]}
                  onStartShouldSetResponder={[Function]}
                  style={
                    Object {
                      "opacity": 1,
                    }
                  }
                >
                  <Image
                    source={1}
                    style={
                      Object {
                        "height": 50,
                        "resizeMode": "contain",
                        "width": 138,
                      }
                    }
                  />
                </View>
                <View
                  accessible={true}
                  focusable={true}
                  onClick={[Function]}
                  onResponderGrant={[Function]}
                  onResponderMove={[Function]}
                  onResponderRelease={[Function]}
                  onResponderTerminate={[Function]}
                  onResponderTerminationRequest={[Function]}
                  onStartShouldSetResponder={[Function]}
                  style={
                    Object {
                      "opacity": 1,
                    }
                  }
                >
                  <Image
                    source={1}
                    style={
                      Object {
                        "height": 50,
                        "resizeMode": "contain",
                        "width": 138,
                      }
                    }
                  />
                </View>
              </View>
            </View>
          </RCTScrollView>
        </View>
      </View>
      <View
        style={
          Array [
            Object {
              "height": 1334,
              "width": 750,
            },
            Object {
              "backgroundColor": "transparent",
            },
          ]
        }
      >
        <View>
          <RCTScrollView
            persistentScrollbar={true}
            style={
              Object {
                "backgroundColor": "white",
              }
            }
          >
            <View>
              <Text
                style={
                  Object {
                    "fontSize": 17,
                    "marginHorizontal": 10,
                    "marginTop": 10,
                  }
                }
              >
                Please scroll down to click on the body part where your mole is located.
              </Text>
              <Text
                style={
                  Object {
                    "fontSize": 17,
                    "marginHorizontal": 10,
                    "marginTop": 10,
                  }
                }
              >
                Swipe left or right to navigate to the different sides of the body.
              </Text>
              <View
                style={
                  Object {
                    "flexDirection": "row",
                    "justifyContent": "center",
                  }
                }
              >
                <View
                  accessible={true}
                  focusable={true}
                  onClick={[Function]}
                  onResponderGrant={[Function]}
                  onResponderMove={[Function]}
                  onResponderRelease={[Function]}
                  onResponderTerminate={[Function]}
                  onResponderTerminationRequest={[Function]}
                  onStartShouldSetResponder={[Function]}
                  style={
                    Object {
                      "opacity": 1,
                    }
                  }
                >
                  <Image
                    source={1}
                    style={
                      Object {
                        "height": 120,
                        "resizeMode": "contain",
                        "width": 350,
                      }
                    }
                  />
                </View>
              </View>
              <View
                style={
                  Object {
                    "flexDirection": "row",
                    "justifyContent": "center",
                  }
                }
              >
                <View
                  accessible={true}
                  focusable={true}
                  onClick={[Function]}
                  onResponderGrant={[Function]}
                  onResponderMove={[Function]}
                  onResponderRelease={[Function]}
                  onResponderTerminate={[Function]}
                  onResponderTerminationRequest={[Function]}
                  onStartShouldSetResponder={[Function]}
                  style={
                    Object {
                      "opacity": 1,
                    }
                  }
                >
                  <Image
                    source={1}
                    style={
                      Object {
                        "height": 198,
                        "resizeMode": "contain",
                        "width": 250,
                      }
                    }
                  />
                </View>
              </View>
              <View
                style={
                  Object {
                    "flexDirection": "row",
                    "justifyContent": "center",
                  }
                }
              >
                <View
                  accessible={true}
                  focusable={true}
                  onClick={[Function]}
                  onResponderGrant={[Function]}
                  onResponderMove={[Function]}
                  onResponderRelease={[Function]}
                  onResponderTerminate={[Function]}
                  onResponderTerminationRequest={[Function]}
                  onStartShouldSetResponder={[Function]}
                  style={
                    Object {
                      "opacity": 1,
                    }
                  }
                >
                  <Image
                    source={1}
                    style={
                      Object {
                        "height": 255,
                        "resizeMode": "contain",
                        "width": 355,
                      }
                    }
                  />
                </View>
              </View>
            </View>
          </RCTScrollView>
        </View>
      </View>
      <View
        style={
          Array [
            Object {
              "height": 1334,
              "width": 750,
            },
            Object {
              "backgroundColor": "transparent",
            },
          ]
        }
      >
        <View>
          <RCTScrollView
            persistentScrollbar={true}
            style={
              Object {
                "backgroundColor": "white",
              }
            }
          >
            <View>
              <Text
                style={
                  Object {
                    "fontSize": 17,
                    "marginHorizontal": 10,
                    "marginTop": 10,
                  }
                }
              >
                Please scroll down to click on the body part where your mole is located.
              </Text>
              <Text
                style={
                  Object {
                    "fontSize": 17,
                    "marginHorizontal": 10,
                    "marginTop": 10,
                  }
                }
              >
                Swipe left or right to navigate to the different sides of the body.
              </Text>
              <View
                style={
                  Object {
                    "flexDirection": "row",
                    "justifyContent": "center",
                  }
                }
              >
                <View
                  accessible={true}
                  focusable={true}
                  onClick={[Function]}
                  onResponderGrant={[Function]}
                  onResponderMove={[Function]}
                  onResponderRelease={[Function]}
                  onResponderTerminate={[Function]}
                  onResponderTerminationRequest={[Function]}
                  onStartShouldSetResponder={[Function]}
                  style={
                    Object {
                      "opacity": 1,
                    }
                  }
                >
                  <Image
                    source={1}
                    style={
                      Object {
                        "height": 120,
                        "resizeMode": "contain",
                        "width": 350,
                      }
                    }
                  />
                </View>
              </View>
              <View
                style={
                  Object {
                    "flexDirection": "row",
                    "justifyContent": "center",
                  }
                }
              >
                <View
                  accessible={true}
                  focusable={true}
                  onClick={[Function]}
                  onResponderGrant={[Function]}
                  onResponderMove={[Function]}
                  onResponderRelease={[Function]}
                  onResponderTerminate={[Function]}
                  onResponderTerminationRequest={[Function]}
                  onStartShouldSetResponder={[Function]}
                  style={
                    Object {
                      "opacity": 1,
                    }
                  }
                >
                  <Image
                    source={1}
                    style={
                      Object {
                        "height": 198,
                        "resizeMode": "contain",
                        "width": 250,
                      }
                    }
                  />
                </View>
              </View>
              <View
                style={
                  Object {
                    "flexDirection": "row",
                    "justifyContent": "center",
                  }
                }
              >
                <View
                  accessible={true}
                  focusable={true}
                  onClick={[Function]}
                  onResponderGrant={[Function]}
                  onResponderMove={[Function]}
                  onResponderRelease={[Function]}
                  onResponderTerminate={[Function]}
                  onResponderTerminationRequest={[Function]}
                  onStartShouldSetResponder={[Function]}
                  style={
                    Object {
                      "opacity": 1,
                    }
                  }
                >
                  <Image
                    source={1}
                    style={
                      Object {
                        "height": 255,
                        "resizeMode": "contain",
                        "width": 355,
                      }
                    }
                  />
                </View>
              </View>
            </View>
          </RCTScrollView>
        </View>
      </View>
      <View
        style={
          Array [
            Object {
              "height": 1334,
              "width": 750,
            },
            Object {
              "backgroundColor": "transparent",
            },
          ]
        }
      >
        <View>
          <RCTScrollView
            persistentScrollbar={true}
            style={
              Object {
                "backgroundColor": "white",
              }
            }
          >
            <View>
              <Text
                style={
                  Object {
                    "fontSize": 17,
                    "marginHorizontal": 10,
                    "marginTop": 10,
                  }
                }
              >
                Please scroll down to click on the body part where your mole is located.
              </Text>
              <Text
                style={
                  Object {
                    "fontSize": 17,
                    "marginHorizontal": 10,
                    "marginTop": 10,
                  }
                }
              >
                Swipe left or right to navigate to the different sides of the body.
              </Text>
              <Text />
              <View
                style={
                  Object {
                    "flexDirection": "row",
                    "justifyContent": "center",
                  }
                }
              >
                <View
                  accessible={true}
                  focusable={true}
                  onClick={[Function]}
                  onResponderGrant={[Function]}
                  onResponderMove={[Function]}
                  onResponderRelease={[Function]}
                  onResponderTerminate={[Function]}
                  onResponderTerminationRequest={[Function]}
                  onStartShouldSetResponder={[Function]}
                  style={
                    Object {
                      "opacity": 1,
                    }
                  }
                >
                  <Image
                    source={1}
                    style={
                      Object {
                        "height": 100,
                        "resizeMode": "contain",
                        "width": 115,
                      }
                    }
                  />
                </View>
              </View>
              <View
                style={
                  Object {
                    "flexDirection": "row",
                    "justifyContent": "center",
                  }
                }
              >
                <View
                  accessible={true}
                  focusable={true}
                  onClick={[Function]}
                  onResponderGrant={[Function]}
                  onResponderMove={[Function]}
                  onResponderRelease={[Function]}
                  onResponderTerminate={[Function]}
                  onResponderTerminationRequest={[Function]}
                  onStartShouldSetResponder={[Function]}
                  style={
                    Object {
                      "opacity": 1,
                    }
                  }
                >
                  <Image
                    source={1}
                    style={
                      Object {
                        "height": 100,
                        "resizeMode": "contain",
                        "width": 90,
                      }
                    }
                  />
                </View>
                <View
                  accessible={true}
                  focusable={true}
                  onClick={[Function]}
                  onResponderGrant={[Function]}
                  onResponderMove={[Function]}
                  onResponderRelease={[Function]}
                  onResponderTerminate={[Function]}
                  onResponderTerminationRequest={[Function]}
                  onStartShouldSetResponder={[Function]}
                  style={
                    Object {
                      "opacity": 1,
                    }
                  }
                >
                  <Image
                    source={1}
                    style={
                      Object {
                        "height": 100,
                        "resizeMode": "contain",
                        "width": 94,
                      }
                    }
                  />
                </View>
                <View
                  accessible={true}
                  focusable={true}
                  onClick={[Function]}
                  onResponderGrant={[Function]}
                  onResponderMove={[Function]}
                  onResponderRelease={[Function]}
                  onResponderTerminate={[Function]}
                  onResponderTerminationRequest={[Function]}
                  onStartShouldSetResponder={[Function]}
                  style={
                    Object {
                      "opacity": 1,
                    }
                  }
                >
                  <Image
                    source={1}
                    style={
                      Object {
                        "height": 100,
                        "resizeMode": "contain",
                        "width": 90,
                      }
                    }
                  />
                </View>
              </View>
              <View
                style={
                  Object {
                    "flexDirection": "row",
                    "justifyContent": "center",
                  }
                }
              >
                <View
                  accessible={true}
                  focusable={true}
                  onClick={[Function]}
                  onResponderGrant={[Function]}
                  onResponderMove={[Function]}
                  onResponderRelease={[Function]}
                  onResponderTerminate={[Function]}
                  onResponderTerminationRequest={[Function]}
                  onStartShouldSetResponder={[Function]}
                  style={
                    Object {
                      "opacity": 1,
                    }
                  }
                >
                  <Image
                    source={1}
                    style={
                      Object {
                        "height": 48,
                        "resizeMode": "contain",
                        "width": 82,
                      }
                    }
                  />
                </View>
                <View
                  accessible={true}
                  focusable={true}
                  onClick={[Function]}
                  onResponderGrant={[Function]}
                  onResponderMove={[Function]}
                  onResponderRelease={[Function]}
                  onResponderTerminate={[Function]}
                  onResponderTerminationRequest={[Function]}
                  onStartShouldSetResponder={[Function]}
                  style={
                    Object {
                      "opacity": 1,
                    }
                  }
                >
                  <Image
                    source={1}
                    style={
                      Object {
                        "height": 49,
                        "resizeMode": "contain",
                        "width": 103,
                      }
                    }
                  />
                </View>
                <View
                  accessible={true}
                  focusable={true}
                  onClick={[Function]}
                  onResponderGrant={[Function]}
                  onResponderMove={[Function]}
                  onResponderRelease={[Function]}
                  onResponderTerminate={[Function]}
                  onResponderTerminationRequest={[Function]}
                  onStartShouldSetResponder={[Function]}
                  style={
                    Object {
                      "opacity": 1,
                    }
                  }
                >
                  <Image
                    source={1}
                    style={
                      Object {
                        "height": 48,
                        "resizeMode": "contain",
                        "width": 82,
                      }
                    }
                  />
                </View>
              </View>
              <View
                style={
                  Object {
                    "flexDirection": "row",
                    "justifyContent": "center",
                  }
                }
              >
                <View
                  accessible={true}
                  focusable={true}
                  onClick={[Function]}
                  onResponderGrant={[Function]}
                  onResponderMove={[Function]}
                  onResponderRelease={[Function]}
                  onResponderTerminate={[Function]}
                  onResponderTerminationRequest={[Function]}
                  onStartShouldSetResponder={[Function]}
                  style={
                    Object {
                      "opacity": 1,
                    }
                  }
                >
                  <Image
                    source={1}
                    style={
                      Object {
                        "height": 59,
                        "resizeMode": "contain",
                        "width": 80,
                      }
                    }
                  />
                </View>
                <View
                  accessible={true}
                  focusable={true}
                  onClick={[Function]}
                  onResponderGrant={[Function]}
                  onResponderMove={[Function]}
                  onResponderRelease={[Function]}
                  onResponderTerminate={[Function]}
                  onResponderTerminationRequest={[Function]}
                  onStartShouldSetResponder={[Function]}
                  style={
                    Object {
                      "opacity": 1,
                    }
                  }
                >
                  <Image
                    source={1}
                    style={
                      Object {
                        "height": 130,
                        "resizeMode": "contain",
                        "width": 55,
                      }
                    }
                  />
                </View>
                <View
                  accessible={true}
                  focusable={true}
                  onClick={[Function]}
                  onResponderGrant={[Function]}
                  onResponderMove={[Function]}
                  onResponderRelease={[Function]}
                  onResponderTerminate={[Function]}
                  onResponderTerminationRequest={[Function]}
                  onStartShouldSetResponder={[Function]}
                  style={
                    Object {
                      "opacity": 1,
                    }
                  }
                >
                  <Image
                    source={1}
                    style={
                      Object {
                        "height": 130,
                        "resizeMode": "contain",
                        "width": 55,
                      }
                    }
                  />
                </View>
                <View
                  accessible={true}
                  focusable={true}
                  onClick={[Function]}
                  onResponderGrant={[Function]}
                  onResponderMove={[Function]}
                  onResponderRelease={[Function]}
                  onResponderTerminate={[Function]}
                  onResponderTerminationRequest={[Function]}
                  onStartShouldSetResponder={[Function]}
                  style={
                    Object {
                      "opacity": 1,
                    }
                  }
                >
                  <Image
                    source={1}
                    style={
                      Object {
                        "height": 59,
                        "resizeMode": "contain",
                        "width": 80,
                      }
                    }
                  />
                </View>
              </View>
              <View
                style={
                  Object {
                    "flexDirection": "row",
                    "justifyContent": "center",
                  }
                }
              >
                <View
                  accessible={true}
                  focusable={true}
                  onClick={[Function]}
                  onResponderGrant={[Function]}
                  onResponderMove={[Function]}
                  onResponderRelease={[Function]}
                  onResponderTerminate={[Function]}
                  onResponderTerminationRequest={[Function]}
                  onStartShouldSetResponder={[Function]}
                  style={
                    Object {
                      "opacity": 1,
                    }
                  }
                >
                  <Image
                    source={1}
                    style={
                      Object {
                        "height": 70,
                        "resizeMode": "contain",
                        "width": 130,
                      }
                    }
                  />
                </View>
                <View
                  accessible={true}
                  focusable={true}
                  onClick={[Function]}
                  onResponderGrant={[Function]}
                  onResponderMove={[Function]}
                  onResponderRelease={[Function]}
                  onResponderTerminate={[Function]}
                  onResponderTerminationRequest={[Function]}
                  onStartShouldSetResponder={[Function]}
                  style={
                    Object {
                      "opacity": 1,
                    }
                  }
                >
                  <Image
                    source={1}
                    style={
                      Object {
                        "height": 70,
                        "resizeMode": "contain",
                        "width": 130,
                      }
                    }
                  />
                </View>
              </View>
              <View
                style={
                  Object {
                    "flexDirection": "row",
                    "justifyContent": "center",
                  }
                }
              >
                <View
                  accessible={true}
                  focusable={true}
                  onClick={[Function]}
                  onResponderGrant={[Function]}
                  onResponderMove={[Function]}
                  onResponderRelease={[Function]}
                  onResponderTerminate={[Function]}
                  onResponderTerminationRequest={[Function]}
                  onStartShouldSetResponder={[Function]}
                  style={
                    Object {
                      "opacity": 1,
                    }
                  }
                >
                  <Image
                    source={1}
                    style={
                      Object {
                        "height": 67,
                        "resizeMode": "contain",
                        "width": 140,
                      }
                    }
                  />
                </View>
                <View
                  accessible={true}
                  focusable={true}
                  onClick={[Function]}
                  onResponderGrant={[Function]}
                  onResponderMove={[Function]}
                  onResponderRelease={[Function]}
                  onResponderTerminate={[Function]}
                  onResponderTerminationRequest={[Function]}
                  onStartShouldSetResponder={[Function]}
                  style={
                    Object {
                      "opacity": 1,
                    }
                  }
                >
                  <Image
                    source={1}
                    style={
                      Object {
                        "height": 67,
                        "resizeMode": "contain",
                        "width": 140,
                      }
                    }
                  />
                </View>
              </View>
            </View>
          </RCTScrollView>
        </View>
      </View>
      <View
        style={
          Array [
            Object {
              "height": 1334,
              "width": 750,
            },
            Object {
              "backgroundColor": "transparent",
            },
          ]
        }
      >
        <View>
          <RCTScrollView
            persistentScrollbar={true}
            style={
              Object {
                "backgroundColor": "white",
              }
            }
          >
            <View>
              <Text
                style={
                  Object {
                    "fontSize": 17,
                    "marginHorizontal": 10,
                    "marginTop": 10,
                  }
                }
              >
                Please scroll down to click on the body part where your mole is located.
              </Text>
              <Text
                style={
                  Object {
                    "fontSize": 17,
                    "marginHorizontal": 10,
                    "marginTop": 10,
                  }
                }
              >
                Swipe left or right to navigate to the different sides of the body.
              </Text>
              <Text />
              <View
                style={
                  Object {
                    "flexDirection": "row",
                    "justifyContent": "center",
                  }
                }
              >
                <View
                  accessible={true}
                  focusable={true}
                  onClick={[Function]}
                  onResponderGrant={[Function]}
                  onResponderMove={[Function]}
                  onResponderRelease={[Function]}
                  onResponderTerminate={[Function]}
                  onResponderTerminationRequest={[Function]}
                  onStartShouldSetResponder={[Function]}
                  style={
                    Object {
                      "opacity": 1,
                    }
                  }
                >
                  <Image
                    source={1}
                    style={
                      Object {
                        "height": 95,
                        "resizeMode": "contain",
                        "width": 115,
                      }
                    }
                  />
                </View>
              </View>
              <View
                style={
                  Object {
                    "flexDirection": "row",
                    "justifyContent": "center",
                  }
                }
              >
                <View
                  accessible={true}
                  focusable={true}
                  onClick={[Function]}
                  onResponderGrant={[Function]}
                  onResponderMove={[Function]}
                  onResponderRelease={[Function]}
                  onResponderTerminate={[Function]}
                  onResponderTerminationRequest={[Function]}
                  onStartShouldSetResponder={[Function]}
                  style={
                    Object {
                      "opacity": 1,
                    }
                  }
                >
                  <Image
                    source={1}
                    style={
                      Object {
                        "height": 100,
                        "resizeMode": "contain",
                        "width": 75,
                      }
                    }
                  />
                </View>
                <View
                  accessible={true}
                  focusable={true}
                  onClick={[Function]}
                  onResponderGrant={[Function]}
                  onResponderMove={[Function]}
                  onResponderRelease={[Function]}
                  onResponderTerminate={[Function]}
                  onResponderTerminationRequest={[Function]}
                  onStartShouldSetResponder={[Function]}
                  style={
                    Object {
                      "opacity": 1,
                    }
                  }
                >
                  <Image
                    source={1}
                    style={
                      Object {
                        "height": 100,
                        "resizeMode": "contain",
                        "width": 110,
                      }
                    }
                  />
                </View>
                <View
                  accessible={true}
                  focusable={true}
                  onClick={[Function]}
                  onResponderGrant={[Function]}
                  onResponderMove={[Function]}
                  onResponderRelease={[Function]}
                  onResponderTerminate={[Function]}
                  onResponderTerminationRequest={[Function]}
                  onStartShouldSetResponder={[Function]}
                  style={
                    Object {
                      "opacity": 1,
                    }
                  }
                >
                  <Image
                    source={1}
                    style={
                      Object {
                        "height": 100,
                        "resizeMode": "contain",
                        "width": 75,
                      }
                    }
                  />
                </View>
              </View>
              <View
                style={
                  Object {
                    "flexDirection": "row",
                    "justifyContent": "center",
                  }
                }
              >
                <View
                  accessible={true}
                  focusable={true}
                  onClick={[Function]}
                  onResponderGrant={[Function]}
                  onResponderMove={[Function]}
                  onResponderRelease={[Function]}
                  onResponderTerminate={[Function]}
                  onResponderTerminationRequest={[Function]}
                  onStartShouldSetResponder={[Function]}
                  style={
                    Object {
                      "opacity": 1,
                    }
                  }
                >
                  <Image
                    source={1}
                    style={
                      Object {
                        "height": 58,
                        "resizeMode": "contain",
                        "width": 76,
                      }
                    }
                  />
                </View>
                <View
                  accessible={true}
                  focusable={true}
                  onClick={[Function]}
                  onResponderGrant={[Function]}
                  onResponderMove={[Function]}
                  onResponderRelease={[Function]}
                  onResponderTerminate={[Function]}
                  onResponderTerminationRequest={[Function]}
                  onStartShouldSetResponder={[Function]}
                  style={
                    Object {
                      "opacity": 1,
                    }
                  }
                >
                  <Image
                    source={1}
                    style={
                      Object {
                        "height": 57,
                        "resizeMode": "contain",
                        "width": 109,
                      }
                    }
                  />
                </View>
                <View
                  accessible={true}
                  focusable={true}
                  onClick={[Function]}
                  onResponderGrant={[Function]}
                  onResponderMove={[Function]}
                  onResponderRelease={[Function]}
                  onResponderTerminate={[Function]}
                  onResponderTerminationRequest={[Function]}
                  onStartShouldSetResponder={[Function]}
                  style={
                    Object {
                      "opacity": 1,
                    }
                  }
                >
                  <Image
                    source={1}
                    style={
                      Object {
                        "height": 58,
                        "resizeMode": "contain",
                        "width": 76,
                      }
                    }
                  />
                </View>
              </View>
              <View
                style={
                  Object {
                    "flexDirection": "row",
                    "justifyContent": "center",
                  }
                }
              >
                <View
                  accessible={true}
                  focusable={true}
                  onClick={[Function]}
                  onResponderGrant={[Function]}
                  onResponderMove={[Function]}
                  onResponderRelease={[Function]}
                  onResponderTerminate={[Function]}
                  onResponderTerminationRequest={[Function]}
                  onStartShouldSetResponder={[Function]}
                  style={
                    Object {
                      "opacity": 1,
                    }
                  }
                >
                  <Image
                    source={1}
                    style={
                      Object {
                        "height": 55,
                        "resizeMode": "contain",
                        "width": 69,
                      }
                    }
                  />
                </View>
                <View
                  accessible={true}
                  focusable={true}
                  onClick={[Function]}
                  onResponderGrant={[Function]}
                  onResponderMove={[Function]}
                  onResponderRelease={[Function]}
                  onResponderTerminate={[Function]}
                  onResponderTerminationRequest={[Function]}
                  onStartShouldSetResponder={[Function]}
                  style={
                    Object {
                      "opacity": 1,
                    }
                  }
                >
                  <Image
                    source={1}
                    style={
                      Object {
                        "height": 57,
                        "resizeMode": "contain",
                        "width": 109,
                      }
                    }
                  />
                </View>
                <View
                  accessible={true}
                  focusable={true}
                  onClick={[Function]}
                  onResponderGrant={[Function]}
                  onResponderMove={[Function]}
                  onResponderRelease={[Function]}
                  onResponderTerminate={[Function]}
                  onResponderTerminationRequest={[Function]}
                  onStartShouldSetResponder={[Function]}
                  style={
                    Object {
                      "opacity": 1,
                    }
                  }
                >
                  <Image
                    source={1}
                    style={
                      Object {
                        "height": 55,
                        "resizeMode": "contain",
                        "width": 69,
                      }
                    }
                  />
                </View>
              </View>
              <View
                style={
                  Object {
                    "flexDirection": "row",
                    "justifyContent": "center",
                  }
                }
              >
                <View
                  accessible={true}
                  focusable={true}
                  onClick={[Function]}
                  onResponderGrant={[Function]}
                  onResponderMove={[Function]}
                  onResponderRelease={[Function]}
                  onResponderTerminate={[Function]}
                  onResponderTerminationRequest={[Function]}
                  onStartShouldSetResponder={[Function]}
                  style={
                    Object {
                      "opacity": 1,
                    }
                  }
                >
                  <Image
                    source={1}
                    style={
                      Object {
                        "height": 87,
                        "resizeMode": "contain",
                        "width": 137,
                      }
                    }
                  />
                </View>
                <View
                  accessible={true}
                  focusable={true}
                  onClick={[Function]}
                  onResponderGrant={[Function]}
                  onResponderMove={[Function]}
                  onResponderRelease={[Function]}
                  onResponderTerminate={[Function]}
                  onResponderTerminationRequest={[Function]}
                  onStartShouldSetResponder={[Function]}
                  style={
                    Object {
                      "opacity": 1,
                    }
                  }
                >
                  <Image
                    source={1}
                    style={
                      Object {
                        "height": 87,
                        "resizeMode": "contain",
                        "width": 137,
                      }
                    }
                  />
                </View>
              </View>
              <View
                style={
                  Object {
                    "flexDirection": "row",
                    "justifyContent": "center",
                  }
                }
              >
                <View
                  accessible={true}
                  focusable={true}
                  onClick={[Function]}
                  onResponderGrant={[Function]}
                  onResponderMove={[Function]}
                  onResponderRelease={[Function]}
                  onResponderTerminate={[Function]}
                  onResponderTerminationRequest={[Function]}
                  onStartShouldSetResponder={[Function]}
                  style={
                    Object {
                      "opacity": 1,
                    }
                  }
                >
                  <Image
                    source={1}
                    style={
                      Object {
                        "height": 90,
                        "resizeMode": "contain",
                        "width": 133,
                      }
                    }
                  />
                </View>
                <View
                  accessible={true}
                  focusable={true}
                  onClick={[Function]}
                  onResponderGrant={[Function]}
                  onResponderMove={[Function]}
                  onResponderRelease={[Function]}
                  onResponderTerminate={[Function]}
                  onResponderTerminationRequest={[Function]}
                  onStartShouldSetResponder={[Function]}
                  style={
                    Object {
                      "opacity": 1,
                    }
                  }
                >
                  <Image
                    source={1}
                    style={
                      Object {
                        "height": 90,
                        "resizeMode": "contain",
                        "width": 133,
                      }
                    }
                  />
                </View>
              </View>
              <View
                style={
                  Object {
                    "flexDirection": "row",
                    "justifyContent": "center",
                  }
                }
              >
                <View
                  accessible={true}
                  focusable={true}
                  onClick={[Function]}
                  onResponderGrant={[Function]}
                  onResponderMove={[Function]}
                  onResponderRelease={[Function]}
                  onResponderTerminate={[Function]}
                  onResponderTerminationRequest={[Function]}
                  onStartShouldSetResponder={[Function]}
                  style={
                    Object {
                      "opacity": 1,
                    }
                  }
                >
                  <Image
                    source={1}
                    style={
                      Object {
                        "height": 50,
                        "resizeMode": "contain",
                        "width": 138,
                      }
                    }
                  />
                </View>
                <View
                  accessible={true}
                  focusable={true}
                  onClick={[Function]}
                  onResponderGrant={[Function]}
                  onResponderMove={[Function]}
                  onResponderRelease={[Function]}
                  onResponderTerminate={[Function]}
                  onResponderTerminationRequest={[Function]}
                  onStartShouldSetResponder={[Function]}
                  style={
                    Object {
                      "opacity": 1,
                    }
                  }
                >
                  <Image
                    source={1}
                    style={
                      Object {
                        "height": 50,
                        "resizeMode": "contain",
                        "width": 138,
                      }
                    }
                  />
                </View>
              </View>
            </View>
          </RCTScrollView>
        </View>
      </View>
    </View>
  </RCTScrollView>
  <View
    pointerEvents="none"
    style={
      Array [
        Object {
          "alignItems": "center",
          "backgroundColor": "transparent",
          "bottom": 25,
          "flex": 1,
          "flexDirection": "row",
          "justifyContent": "center",
          "left": 0,
          "position": "absolute",
          "right": 0,
        },
        undefined,
      ]
    }
  >
    <View
      style={
        Array [
          Object {
            "backgroundColor": "#007aff",
            "borderRadius": 4,
            "height": 8,
            "marginBottom": 3,
            "marginLeft": 3,
            "marginRight": 3,
            "marginTop": 3,
            "width": 8,
          },
          undefined,
        ]
      }
    />
    <View
      style={
        Array [
          Object {
            "backgroundColor": "rgba(0,0,0,.2)",
            "borderRadius": 4,
            "height": 8,
            "marginBottom": 3,
            "marginLeft": 3,
            "marginRight": 3,
            "marginTop": 3,
            "width": 8,
          },
          undefined,
        ]
      }
    />
    <View
      style={
        Array [
          Object {
            "backgroundColor": "rgba(0,0,0,.2)",
            "borderRadius": 4,
            "height": 8,
            "marginBottom": 3,
            "marginLeft": 3,
            "marginRight": 3,
            "marginTop": 3,
            "width": 8,
          },
          undefined,
        ]
      }
    />
    <View
      style={
        Array [
          Object {
            "backgroundColor": "rgba(0,0,0,.2)",
            "borderRadius": 4,
            "height": 8,
            "marginBottom": 3,
            "marginLeft": 3,
            "marginRight": 3,
            "marginTop": 3,
            "width": 8,
          },
          undefined,
        ]
      }
    />
  </View>
  <View
    pointerEvents="box-none"
    style={
      Array [
        Object {
          "alignItems": "center",
          "backgroundColor": "transparent",
          "flex": 1,
          "flexDirection": "row",
          "justifyContent": "space-between",
          "left": 0,
          "paddingHorizontal": 10,
          "paddingVertical": 10,
          "position": "absolute",
          "top": 0,
        },
        Object {
          "height": 1334,
          "width": 750,
        },
        undefined,
      ]
    }
  >
    <View
      accessible={true}
      focusable={true}
      onClick={[Function]}
      onResponderGrant={[Function]}
      onResponderMove={[Function]}
      onResponderRelease={[Function]}
      onResponderTerminate={[Function]}
      onResponderTerminationRequest={[Function]}
      onStartShouldSetResponder={[Function]}
      style={
        Object {
          "opacity": 1,
        }
      }
    >
      <View>
        <Text
          style={
            Object {
              "color": "#007aff",
              "fontSize": 50,
            }
          }
        >
          ‹
        </Text>
      </View>
    </View>
    <View
      accessible={true}
      focusable={true}
      onClick={[Function]}
      onResponderGrant={[Function]}
      onResponderMove={[Function]}
      onResponderRelease={[Function]}
      onResponderTerminate={[Function]}
      onResponderTerminationRequest={[Function]}
      onStartShouldSetResponder={[Function]}
      style={
        Object {
          "opacity": 1,
        }
      }
    >
      <View>
        <Text
          style={
            Object {
              "color": "#007aff",
              "fontSize": 50,
            }
          }
        >
          ›
        </Text>
      </View>
    </View>
  </View>
</View>
`;
