// Jest Snapshot v1, https://goo.gl/fbAQLP

exports[`<UserScreen /> renders correctly 1`] = `
<View
  style={
    Object {
      "flex": 1,
    }
  }
>
  <Text
    style={
      Object {
        "fontSize": 15,
        "fontWeight": "bold",
        "paddingTop": 5,
      }
    }
  >
    You now need to put in some basic information to help the App identify you and your moles.
  </Text>
  <Text
    style={
      Object {
        "fontSize": 15,
        "fontWeight": "bold",
        "paddingTop": 5,
      }
    }
  >
    This information remains on your phone unless you want to send it with your images by email to a clinician such as your GP or skin doctor.
  </Text>
  <Text
    style={
      Object {
        "fontSize": 20,
        "paddingTop": 5,
      }
    }
  >
     Basic Information
  </Text>
  <TextInput
    allowFontScaling={true}
    onChangeText={[Function]}
    placeholder="First name"
    rejectResponderTermination={true}
    style={
      Object {
        "backgroundColor": "#E2E2E2",
        "borderRadius": 10,
        "fontSize": 20,
        "height": 50,
        "marginHorizontal": 10,
        "marginTop": 10,
        "paddingLeft": 10,
      }
    }
    underlineColorAndroid="transparent"
    value=""
  />
  <TextInput
    allowFontScaling={true}
    onChangeText={[Function]}
    placeholder="Family name"
    rejectResponderTermination={true}
    style={
      Object {
        "backgroundColor": "#E2E2E2",
        "borderRadius": 10,
        "fontSize": 20,
        "height": 50,
        "marginHorizontal": 10,
        "marginTop": 10,
        "paddingLeft": 10,
      }
    }
    underlineColorAndroid="transparent"
    value=""
  />
  <TextInput
    allowFontScaling={true}
    onChangeText={[Function]}
    placeholder="DD/MM/YYYY"
    rejectResponderTermination={true}
    style={
      Object {
        "backgroundColor": "#E2E2E2",
        "borderRadius": 10,
        "fontSize": 20,
        "height": 50,
        "marginHorizontal": 10,
        "marginTop": 10,
        "paddingLeft": 10,
      }
    }
    underlineColorAndroid="transparent"
    value=""
  />
  <View
    accessible={true}
    focusable={true}
    onClick={[Function]}
    onResponderGrant={[Function]}
    onResponderMove={[Function]}
    onResponderRelease={[Function]}
    onResponderTerminate={[Function]}
    onResponderTerminationRequest={[Function]}
    onStartShouldSetResponder={[Function]}
    style={
      Object {
        "alignItems": "center",
        "backgroundColor": "#71A1D1",
        "borderRadius": 10,
        "bottom": 10,
        "marginHorizontal": 10,
        "marginTop": 10,
        "opacity": 1,
        "position": "absolute",
        "width": "95%",
      }
    }
  >
    <Text
      style={
        Object {
          "color": "white",
          "fontSize": 30,
          "fontWeight": "bold",
          "marginVertical": 10,
        }
      }
    >
      Next
    </Text>
  </View>
</View>
`;
